Loading composer repositories with package information
Updating dependencies
Lock file operations: 12 installs, 0 updates, 0 removals
  - Locking brick/math (0.14.8)
  - Locking google/cloud-core (v1.72.2)
  - Locking google/cloud-firestore (v1.55.0)
  - Locking google/common-protos (4.14.0)
  - Locking google/gax (v1.38.0)
  - Locking google/grpc-gcp (0.4.2)
  - Locking google/longrunning (0.7.1)
  - Locking google/protobuf (v4.33.6)
  - Locking grpc/grpc (1.81.0)
  - Locking ramsey/collection (2.1.1)
  - Locking ramsey/uuid (4.9.2)
  - Locking rize/uri-template (0.4.2)
Writing lock file
Installing dependencies from lock file (including require-dev)
Package operations: 71 installs, 0 updates, 0 removals
  - Downloading carbonphp/carbon-doctrine-types (3.2.0)
  - Downloading symfony/polyfill-php80 (v1.31.0)
  - Downloading cloudevents/sdk-php (v1.2.0)
  - Downloading firebase/php-jwt (v6.11.1)
  - Downloading google/apiclient-services (v0.396.0)
  - Downloading ramsey/collection (2.1.1)
  - Downloading brick/math (0.14.8)
  - Downloading ramsey/uuid (4.9.2)
  - Downloading ralouphie/getallheaders (3.0.3)
  - Downloading psr/http-message (2.0)
  - Downloading psr/http-factory (1.1.0)
  - Downloading guzzlehttp/psr7 (2.7.1)
  - Downloading guzzlehttp/promises (2.2.0)
  - Downloading grpc/grpc (1.81.0)
  - Downloading google/protobuf (v4.33.6)
  - Downloading google/longrunning (0.7.1)
  - Downloading psr/cache (3.0.0)
  - Downloading psr/log (3.0.2)
  - Downloading symfony/deprecation-contracts (v3.5.1)
  - Downloading psr/http-client (1.0.3)
  - Downloading guzzlehttp/guzzle (7.9.3)
  - Downloading google/auth (v1.47.0)
  - Downloading google/grpc-gcp (0.4.2)
  - Downloading google/common-protos (4.14.0)
  - Downloading google/gax (v1.38.0)
  - Downloading rize/uri-template (0.4.2)
  - Downloading monolog/monolog (3.9.0)
  - Downloading google/cloud-core (v1.72.2)
  - Downloading google/cloud-firestore (v1.55.0)
  - Downloading paragonie/random_compat (v9.99.100)
  - Downloading paragonie/constant_time_encoding (v3.0.0)
  - Downloading phpseclib/phpseclib (3.0.43)
  - Downloading phpstan/phpstan (1.12.24)
  - Downloading staabm/side-effects-detector (1.0.5)
  - Downloading sebastian/version (5.0.2)
  - Downloading sebastian/type (5.1.3)
  - Downloading sebastian/recursion-context (6.0.3)
  - Downloading sebastian/object-reflector (4.0.1)
  - Downloading sebastian/object-enumerator (6.0.1)
  - Downloading sebastian/global-state (7.0.2)
  - Downloading symfony/polyfill-mbstring (v1.31.0)
  - Downloading sebastian/exporter (6.3.2)
  - Downloading sebastian/environment (7.2.1)
  - Downloading sebastian/diff (6.0.2)
  - Downloading sebastian/comparator (6.3.3)
  - Downloading sebastian/code-unit (3.0.3)
  - Downloading sebastian/cli-parser (3.0.2)
  - Downloading phpunit/php-timer (7.0.1)
  - Downloading phpunit/php-text-template (4.0.1)
  - Downloading phpunit/php-invoker (5.0.1)
  - Downloading phpunit/php-file-iterator (5.1.0)
  - Downloading theseer/tokenizer (1.3.1)
  - Downloading nikic/php-parser (v5.7.0)
  - Downloading sebastian/lines-of-code (3.0.1)
  - Downloading sebastian/complexity (4.0.1)
  - Downloading sebastian/code-unit-reverse-lookup (4.0.1)
  - Downloading phpunit/php-code-coverage (11.0.12)
  - Downloading phar-io/version (3.2.1)
  - Downloading phar-io/manifest (2.0.4)
  - Downloading myclabs/deep-copy (1.13.4)
  - Downloading phpunit/phpunit (11.5.50)
  - Downloading symfony/polyfill-php83 (v1.31.0)
  - Downloading psr/clock (1.0.0)
  - Downloading symfony/clock (v7.2.0)
  - Downloading symfony/translation-contracts (v3.5.1)
  - Downloading symfony/translation (v7.2.4)
  - Downloading google/cloud-functions-framework (v1.4.2)
  - Downloading yananob/my-gcp-tools (dev-main 2c615ff)
  - Downloading nesbot/carbon (3.9.0)
  - Downloading google/apiclient (v2.18.3)
  - Downloading yananob/my-tools (dev-main 5fa3bd5)
  0/71 [>---------------------------]   0%
 10/71 [===>------------------------]  14%
 15/71 [=====>----------------------]  21%
 24/71 [=========>------------------]  33%
 34/71 [=============>--------------]  47%
 37/71 [==============>-------------]  52%
 45/71 [=================>----------]  63%
 61/71 [========================>---]  85%    Failed to download yananob/my-tools from dist: The "https://api.github.com/repos/yananob/my-tools/zipball/5fa3bd5d04af9631c2ee6f4827521cafb1e7f3f9" file could not be downloaded (HTTP/2 404 ):
{"message":"Not Found","documentation_url":"https://docs.github.com/rest/repos/contents#download-a-repository-archive-zip","status":"404"}
    Now trying to download from source
  - Syncing yananob/my-tools (dev-main 5fa3bd5) into cache
